student@Ubuntu-MySQL-VirtualBox:~$ sudo vim /etc/apt/sources.list
student@Ubuntu-MySQL-VirtualBox:~$ sudo grep "nginx" /etc/apt/sources.list
deb https://nginx.org/packages/ubuntu/ focal nginx
deb-src https://nginx.org/packages/ubuntu/ focal nginx
student@Ubuntu-MySQL-VirtualBox:~$ sudo apt update
Hit:1 http://ru.archive.ubuntu.com/ubuntu focal InRelease
Hit:2 http://ru.archive.ubuntu.com/ubuntu focal-updates InRelease
Hit:3 http://ru.archive.ubuntu.com/ubuntu focal-backports InRelease
Hit:4 http://ru.archive.ubuntu.com/ubuntu focal-security InRelease
Get:5 https://nginx.org/packages/ubuntu focal InRelease [3,584 B] 
Err:5 https://nginx.org/packages/ubuntu focal InRelease
  The following signatures couldn't be verified because the public key is not available: NO_PUBKEY ABF5BD827BD9BF62
Reading package lists... Done
W: GPG error: https://nginx.org/packages/ubuntu focal InRelease: The following signatures couldn't be verified because the public key is not available: NO_PUBKEY ABF5BD827BD9BF62
E: The repository 'https://nginx.org/packages/ubuntu focal InRelease' is not signed.
N: Updating from such a repository can't be done securely, and is therefore disabled by default.
N: See apt-secure(8) manpage for repository creation and user configuration details.
student@Ubuntu-MySQL-VirtualBox:~$ sudo grep /etc/apt/sources.list nginx
grep: nginx: No such file or directory
student@Ubuntu-MySQL-VirtualBox:~$ sudo apt-key adv --keyserver keyserver.ubuntu.com --recv-keys ABF5BD827BD9BF62
Executing: /tmp/apt-key-gpghome.xolGeR8cEa/gpg.1.sh --keyserver keyserver.ubuntu.com --recv-keys ABF5BD827BD9BF62
gpg: key ABF5BD827BD9BF62: public key "nginx signing key <signing-key@nginx.com>" imported
gpg: Total number processed: 1
gpg:               imported: 1
student@Ubuntu-MySQL-VirtualBox:~$ sudo apt update
Hit:1 http://ru.archive.ubuntu.com/ubuntu focal InRelease
Hit:2 http://ru.archive.ubuntu.com/ubuntu focal-updates InRelease
Hit:3 http://ru.archive.ubuntu.com/ubuntu focal-backports InRelease
Hit:4 http://ru.archive.ubuntu.com/ubuntu focal-security InRelease
Get:5 https://nginx.org/packages/ubuntu focal InRelease [3,584 B]
Get:6 https://nginx.org/packages/ubuntu focal/nginx Sources [9,696 B]
Get:7 https://nginx.org/packages/ubuntu focal/nginx amd64 Packages [15.7 kB]
Fetched 29.0 kB in 1s (36.8 kB/s)     
Reading package lists... Done
Building dependency tree       
Reading state information... Done
5 packages can be upgraded. Run 'apt list --upgradable' to see them.
student@Ubuntu-MySQL-VirtualBox:~$ sudo apt download nginx
Get:1 https://nginx.org/packages/ubuntu focal/nginx amd64 nginx amd64 1.20.2-1~focal [879 kB]
Fetched 879 kB in 1s (895 kB/s)
W: Download is performed unsandboxed as root as file '/home/virt/nginx_1.20.2-1~focal_amd64.deb' couldn't be accessed by user '_apt'. - pkgAcquire::Run (13: Permission denied)
student@Ubuntu-MySQL-VirtualBox:~$ ls
nginx_1.20.2-1~focal_amd64.deb  snap
student@Ubuntu-MySQL-VirtualBox:~$ sudo dpkg -i nginx_1.20.2-1~focal_amd64.deb 
Selecting previously unselected package nginx.
(Reading database ... 153346 files and directories currently installed.)
Preparing to unpack nginx_1.20.2-1~focal_amd64.deb ...
----------------------------------------------------------------------

Thanks for using nginx!

Please find the official documentation for nginx here:
* https://nginx.org/en/docs/

Please subscribe to nginx-announce mailing list to get
the most important news about nginx:
* https://nginx.org/en/support.html

Commercial subscriptions for nginx are available on:
* https://nginx.com/products/

----------------------------------------------------------------------
Unpacking nginx (1.20.2-1~focal) ...
Setting up nginx (1.20.2-1~focal) ...
Created symlink /etc/systemd/system/multi-user.target.wants/nginx.service → /lib/systemd/system/nginx.service.
Processing triggers for systemd (245.4-4ubuntu3.15) ...
Processing triggers for man-db (2.9.1-1) ...
student@Ubuntu-MySQL-VirtualBox:~$ sudo apt-cache policy nginx
nginx:
  Installed: 1.20.2-1~focal
  Candidate: 1.20.2-1~focal
  Version table:
 *** 1.20.2-1~focal 500
        500 https://nginx.org/packages/ubuntu focal/nginx amd64 Packages
        100 /var/lib/dpkg/status
     1.20.1-1~focal 500
        500 https://nginx.org/packages/ubuntu focal/nginx amd64 Packages
     1.20.0-1~focal 500
        500 https://nginx.org/packages/ubuntu focal/nginx amd64 Packages
     1.18.0-2~focal 500
        500 https://nginx.org/packages/ubuntu focal/nginx amd64 Packages
     1.18.0-1~focal 500
        500 https://nginx.org/packages/ubuntu focal/nginx amd64 Packages
     1.18.0-0ubuntu1.2 500
        500 http://ru.archive.ubuntu.com/ubuntu focal-updates/main amd64 Packages
        500 http://ru.archive.ubuntu.com/ubuntu focal-security/main amd64 Packages
     1.17.10-0ubuntu1 500
        500 http://ru.archive.ubuntu.com/ubuntu focal/main amd64 Packages
student@Ubuntu-MySQL-VirtualBox:~$ dpkg -l | grep nginx
ii  nginx                                1.20.2-1~focal                        amd64        high performance web server 
student@Ubuntu-MySQL-VirtualBox:~$ sudo dpkg -P nginx
[sudo] password for virt: 
(Reading database ... 153379 files and directories currently installed.)
Removing nginx (1.20.2-1~focal) ...
Purging configuration files for nginx (1.20.2-1~focal) ...
Processing triggers for man-db (2.9.1-1) ...
Processing triggers for systemd (245.4-4ubuntu3.15) ...
student@Ubuntu-MySQL-VirtualBox:~$ dpkg -l | grep nginx
student@Ubuntu-MySQL-VirtualBox:~$ sudo apt-cache policy nginx
nginx:
  Installed: (none)
  Candidate: 1.20.2-1~focal
  Version table:
     1.20.2-1~focal 500
        500 https://nginx.org/packages/ubuntu focal/nginx amd64 Packages
     1.20.1-1~focal 500
        500 https://nginx.org/packages/ubuntu focal/nginx amd64 Packages
     1.20.0-1~focal 500
        500 https://nginx.org/packages/ubuntu focal/nginx amd64 Packages
     1.18.0-2~focal 500
        500 https://nginx.org/packages/ubuntu focal/nginx amd64 Packages
     1.18.0-1~focal 500
        500 https://nginx.org/packages/ubuntu focal/nginx amd64 Packages
     1.18.0-0ubuntu1.2 500
        500 http://ru.archive.ubuntu.com/ubuntu focal-updates/main amd64 Packages
        500 http://ru.archive.ubuntu.com/ubuntu focal-security/main amd64 Packages
     1.17.10-0ubuntu1 500
        500 http://ru.archive.ubuntu.com/ubuntu focal/main amd64 Packages
student@Ubuntu-MySQL-VirtualBox:~$ sudo systemctl status snapd
● snapd.service - Snap Daemon
     Loaded: loaded (/lib/systemd/system/snapd.service; enabled; vendor preset: enabled)
     Active: active (running) since Wed 2022-06-29 09:47:10 UTC; 1 day 3h ago
TriggeredBy: ● snapd.socket
   Main PID: 7590 (snapd)
      Tasks: 14 (limit: 2273)
     Memory: 21.2M
     CGroup: /system.slice/snapd.service
             └─7590 /usr/lib/snapd/snapd

June 29 09:47:10 virtubserver snapd[7590]: daemon.go:339: adjusting startup timeout by 50s (pessimistic estimate of 30s>
June 29 09:47:10 virtubserver systemd[1]: Started Snap Daemon.
June 29 09:52:17 virtubserver snapd[7590]: storehelpers.go:721: cannot refresh: snap has no updates available: "core18">
June 29 09:52:17 virtubserver snapd[7590]: autorefresh.go:536: auto-refresh: all snaps are up-to-date
June 29 16:17:10 virtubserver snapd[7590]: storehelpers.go:721: cannot refresh: snap has no updates available: "core18">
June 29 16:17:10 virtubserver snapd[7590]: autorefresh.go:536: auto-refresh: all snaps are up-to-date
June 29 18:37:10 virtubserver snapd[7590]: storehelpers.go:721: cannot refresh: snap has no updates available: "core18">
June 29 18:37:10 virtubserver snapd[7590]: autorefresh.go:536: auto-refresh: all snaps are up-to-date
June 30 11:09:08 virtubserver snapd[7590]: storehelpers.go:721: cannot refresh: snap has no updates available: "core18">
June 30 11:09:08 virtubserver snapd[7590]: autorefresh.go:536: auto-refresh: all snaps are up-to-date
student@Ubuntu-MySQL-VirtualBox:~$ sudo snap install nvim --classic
nvim v0.6.0 from neovim-snap (neovim-snap) installed
student@Ubuntu-MySQL-VirtualBox:~$ nvim
~
~                     NVIM v0.6.0
~
~    Nvim is open source and freely distributable
~               https://neovim.io/#chat
~
~   type  :help nvim<Enter>       if you are new! 
~   type  :checkhealth<Enter>     to optimize Nvim
~   type  :q<Enter>               to exit         
~   type  :help<Enter>            for help        
~
~            Help poor children in Uganda!
~   type  :help iccf<Enter>       for information 
~
~

[No Name]                       0,0-1          All
student@Ubuntu-MySQL-VirtualBox:~$ sudo iptables -L
Chain INPUT (policy ACCEPT)
target     prot opt source               destination         

Chain FORWARD (policy ACCEPT)
target     prot opt source               destination         

Chain OUTPUT (policy ACCEPT)
target     prot opt source               destination         
student@Ubuntu-MySQL-VirtualBox:~$ 
Добавляем правила

student@Ubuntu-MySQL-VirtualBox:~$ sudo iptables -A INPUT -p tcp --dport 22  -j ACCEPT
student@Ubuntu-MySQL-VirtualBox:~$ sudo iptables -A INPUT -p tcp --dport 80  -j ACCEPT
student@Ubuntu-MySQL-VirtualBox:~$ sudo iptables -P INPUT  DROP
student@Ubuntu-MySQL-VirtualBox:~$ sudo iptables -L
sudo: unable to resolve host virtubserver: Temporary failure in name resolution
Chain INPUT (policy DROP)
target     prot opt source               destination         
ACCEPT     tcp  --  anywhere             anywhere             tcp dpt:ssh
ACCEPT     tcp  --  anywhere             anywhere             tcp dpt:http

Chain FORWARD (policy ACCEPT)
target     prot opt source               destination         

Chain OUTPUT (policy ACCEPT)
target     prot opt source               destination         
student@Ubuntu-MySQL-VirtualBox:~$ 
Проверим спомощью nc (netcat)
Виртуальная машина

student@Ubuntu-MySQL-VirtualBox:~$ sudo nc -lp 80
Основная

    ~  nc 192.168.100.171 -p 80
 hi 
Виртуальная машина

student@Ubuntu-MySQL-VirtualBox:~$ sudo nc -lp 80
hi